Streaming transaction logs mentioning 7vdXAgisK4CqAo7xgAQ2K5G8Tg6EiVhWrjToJWAWDoyH. Confirmed commitment
Transaction executed in slot 11:
  Signature: NULBHQkwox3GN9W1FVm8m52xSNoFD5njAGUEjE9zJUo53XZUqKyZ5yLDJZwuAxC1m44wBvAvP8SdgJHDmm3tLu1
  Status: Ok
  Log Messages:
    Program 7vdXAgisK4CqAo7xgAQ2K5G8Tg6EiVhWrjToJWAWDoyH invoke [1]
    Program log: Instruction: InitializeGlobalConfig
    Program 11111111111111111111111111111111 invoke [2]
    Program 11111111111111111111111111111111 success
    Program data: Bd2snk1XnXHhGar6hytt7raMRljoihx/+ks9+bhqwfToqRo1l5nldXx5/2kAAAAA
    Program 7vdXAgisK4CqAo7xgAQ2K5G8Tg6EiVhWrjToJWAWDoyH consumed 13212 of 200000 compute units
    Program 7vdXAgisK4CqAo7xgAQ2K5G8Tg6EiVhWrjToJWAWDoyH success
Transaction executed in slot 11:
  Signature: 2XEUWX1cTs9tQhZaWT4nGhW8Unq9dtzn7AqvGCc1MB2xQzPkktpYdRe1Kwc7Ujt8qbqFdCtPfjGmQfwfJ85RgcWj
  Status: Ok
  Log Messages:
    Program 7vdXAgisK4CqAo7xgAQ2K5G8Tg6EiVhWrjToJWAWDoyH invoke [1]
    Program log: Instruction: PauseProgram
    Program data: 9wnsJmkjcHPhGar6hytt7raMRljoihx/+ks9+bhqwfToqRo1l5nldXx5/2kAAAAA
    Program 7vdXAgisK4CqAo7xgAQ2K5G8Tg6EiVhWrjToJWAWDoyH consumed 6093 of 200000 compute units
    Program 7vdXAgisK4CqAo7xgAQ2K5G8Tg6EiVhWrjToJWAWDoyH success
Transaction executed in slot 12:
  Signature: 2XEUWX1cTs9tQhZaWT4nGhW8Unq9dtzn7AqvGCc1MB2xQzPkktpYdRe1Kwc7Ujt8qbqFdCtPfjGmQfwfJ85RgcWj
  Status: Ok
  Log Messages:
    Program 7vdXAgisK4CqAo7xgAQ2K5G8Tg6EiVhWrjToJWAWDoyH invoke [1]
    Program log: Instruction: PauseProgram
    Program data: 9wnsJmkjcHPhGar6hytt7raMRljoihx/+ks9+bhqwfToqRo1l5nldXx5/2kAAAAA
    Program 7vdXAgisK4CqAo7xgAQ2K5G8Tg6EiVhWrjToJWAWDoyH consumed 6093 of 200000 compute units
    Program 7vdXAgisK4CqAo7xgAQ2K5G8Tg6EiVhWrjToJWAWDoyH success
Transaction executed in slot 12:
  Signature: 5Gu8kUjEtzTRBp1meyYmy7DuYR4pWxqsqzgtXEARYPLbyTcopAkSafgz481gkLRopfdqScBbcZzJ1vMYdLPdjrDM
  Status: Ok
  Log Messages:
    Program 7vdXAgisK4CqAo7xgAQ2K5G8Tg6EiVhWrjToJWAWDoyH invoke [1]
    Program log: Instruction: UnpauseProgram
    Program data: wbeSNLQRFRrhGar6hytt7raMRljoihx/+ks9+bhqwfToqRo1l5nldXx5/2kAAAAA
    Program 7vdXAgisK4CqAo7xgAQ2K5G8Tg6EiVhWrjToJWAWDoyH consumed 6084 of 200000 compute units
    Program 7vdXAgisK4CqAo7xgAQ2K5G8Tg6EiVhWrjToJWAWDoyH success
Transaction executed in slot 13:
  Signature: 5Gu8kUjEtzTRBp1meyYmy7DuYR4pWxqsqzgtXEARYPLbyTcopAkSafgz481gkLRopfdqScBbcZzJ1vMYdLPdjrDM
  Status: Ok
  Log Messages:
    Program 7vdXAgisK4CqAo7xgAQ2K5G8Tg6EiVhWrjToJWAWDoyH invoke [1]
    Program log: Instruction: UnpauseProgram
    Program data: wbeSNLQRFRrhGar6hytt7raMRljoihx/+ks9+bhqwfToqRo1l5nldX15/2kAAAAA
    Program 7vdXAgisK4CqAo7xgAQ2K5G8Tg6EiVhWrjToJWAWDoyH consumed 6084 of 200000 compute units
    Program 7vdXAgisK4CqAo7xgAQ2K5G8Tg6EiVhWrjToJWAWDoyH success
Transaction executed in slot 13:
  Signature: 2dP6zF2b1z1Rr6LMGpVgruPVK6SihTJYmKUKKPw5CfusgV64PQ89VhRxu8w8MVYCAoD1LH3HWTVKR5GJFzbvPhUJ
  Status: Ok
  Log Messages:
    Program 7vdXAgisK4CqAo7xgAQ2K5G8Tg6EiVhWrjToJWAWDoyH invoke [1]
    Program log: Instruction: CreateVault
    Program 11111111111111111111111111111111 invoke [2]
    Program 11111111111111111111111111111111 success
    Program 11111111111111111111111111111111 invoke [2]
    Program 11111111111111111111111111111111 success
    Program 11111111111111111111111111111111 invoke [2]
    Program 11111111111111111111111111111111 success
    Program 11111111111111111111111111111111 invoke [2]
    Program 11111111111111111111111111111111 success
    Program data: dRl4/kvsTnPChnWxvrFx3vTGxQo4kOmF4Q64zb9wFjTdTJg+dcCewazuq6ng5E/rGwhaS/tIo0sAGx17vr8jhgiHYivoLTb2AACndgAAAAAAAI0nAAAAAAACfXn/aQAAAAA=
    Program 7vdXAgisK4CqAo7xgAQ2K5G8Tg6EiVhWrjToJWAWDoyH consumed 44066 of 200000 compute units
    Program 7vdXAgisK4CqAo7xgAQ2K5G8Tg6EiVhWrjToJWAWDoyH success
Transaction executed in slot 14:
  Signature: 2dP6zF2b1z1Rr6LMGpVgruPVK6SihTJYmKUKKPw5CfusgV64PQ89VhRxu8w8MVYCAoD1LH3HWTVKR5GJFzbvPhUJ
  Status: Ok
  Log Messages:
    Program 7vdXAgisK4CqAo7xgAQ2K5G8Tg6EiVhWrjToJWAWDoyH invoke [1]
    Program log: Instruction: CreateVault
    Program 11111111111111111111111111111111 invoke [2]
    Program 11111111111111111111111111111111 success
    Program 11111111111111111111111111111111 invoke [2]
    Program 11111111111111111111111111111111 success
    Program 11111111111111111111111111111111 invoke [2]
    Program 11111111111111111111111111111111 success
    Program 11111111111111111111111111111111 invoke [2]
    Program 11111111111111111111111111111111 success
    Program data: dRl4/kvsTnPChnWxvrFx3vTGxQo4kOmF4Q64zb9wFjTdTJg+dcCewazuq6ng5E/rGwhaS/tIo0sAGx17vr8jhgiHYivoLTb2AACndgAAAAAAAI0nAAAAAAACfXn/aQAAAAA=
    Program 7vdXAgisK4CqAo7xgAQ2K5G8Tg6EiVhWrjToJWAWDoyH consumed 44066 of 200000 compute units
    Program 7vdXAgisK4CqAo7xgAQ2K5G8Tg6EiVhWrjToJWAWDoyH success
Transaction executed in slot 15:
  Signature: 5ieorpX4sRuQmMiSyBY9vT7BmdxpFR2k7WEr7DCKBpSB7qSJbyxv1hRKVGCiAcmATbEuC1VKhnhumwaqBNCrr2qi
  Status: Ok
  Log Messages:
    Program 7vdXAgisK4CqAo7xgAQ2K5G8Tg6EiVhWrjToJWAWDoyH invoke [1]
    Program log: Instruction: FreezeVault
    Program data: Dcesb1gKl/fChnWxvrFx3vTGxQo4kOmF4Q64zb9wFjTdTJg+dcCewazuq6ng5E/rGwhaS/tIo0sAGx17vr8jhgiHYivoLTb2fXn/aQAAAAA=
    Program 7vdXAgisK4CqAo7xgAQ2K5G8Tg6EiVhWrjToJWAWDoyH consumed 8176 of 200000 compute units
    Program 7vdXAgisK4CqAo7xgAQ2K5G8Tg6EiVhWrjToJWAWDoyH success
Transaction executed in slot 15:
  Signature: 55AtR4UVEQcor81kLywUpaWEMJdepUULSe884jLVagyNfpUU21JmZcWr95WyCJZgNaEwk3BFkCooD6kfpwYP83uS
  Status: Ok
  Log Messages:
    Program 7vdXAgisK4CqAo7xgAQ2K5G8Tg6EiVhWrjToJWAWDoyH invoke [1]
    Program log: Instruction: UnfreezeVault
    Program data: gMJPm1Uf4qrChnWxvrFx3vTGxQo4kOmF4Q64zb9wFjTdTJg+dcCewazuq6ng5E/rGwhaS/tIo0sAGx17vr8jhgiHYivoLTb2fXn/aQAAAAA=
    Program 7vdXAgisK4CqAo7xgAQ2K5G8Tg6EiVhWrjToJWAWDoyH consumed 8731 of 200000 compute units
    Program 7vdXAgisK4CqAo7xgAQ2K5G8Tg6EiVhWrjToJWAWDoyH success
Transaction executed in slot 16:
  Signature: 55AtR4UVEQcor81kLywUpaWEMJdepUULSe884jLVagyNfpUU21JmZcWr95WyCJZgNaEwk3BFkCooD6kfpwYP83uS
  Status: Ok
  Log Messages:
    Program 7vdXAgisK4CqAo7xgAQ2K5G8Tg6EiVhWrjToJWAWDoyH invoke [1]
    Program log: Instruction: UnfreezeVault
    Program data: gMJPm1Uf4qrChnWxvrFx3vTGxQo4kOmF4Q64zb9wFjTdTJg+dcCewazuq6ng5E/rGwhaS/tIo0sAGx17vr8jhgiHYivoLTb2fnn/aQAAAAA=
    Program 7vdXAgisK4CqAo7xgAQ2K5G8Tg6EiVhWrjToJWAWDoyH consumed 8731 of 200000 compute units
    Program 7vdXAgisK4CqAo7xgAQ2K5G8Tg6EiVhWrjToJWAWDoyH success
Transaction executed in slot 16:
  Signature: MyV2r5iGGqM144Xoirh8aiJyU5LCTv4RrZxdtStDxFJFDwLLbT3VZ9pm535uSMJuApivjUQmKkJLCrdomaphXcR
  Status: Ok
  Log Messages:
    Program 7vdXAgisK4CqAo7xgAQ2K5G8Tg6EiVhWrjToJWAWDoyH invoke [1]
    Program log: Instruction: AddGuardian
    Program 11111111111111111111111111111111 invoke [2]
    Program 11111111111111111111111111111111 success
    Program data: lwDkBe86ohLChnWxvrFx3vTGxQo4kOmF4Q64zb9wFjTdTJg+dcCewRZw5Z3+mqwrIw0hhan/EwWe+F4OrdtnZ/n2gA+9nQG9AH55/2kAAAAA
    Program 7vdXAgisK4CqAo7xgAQ2K5G8Tg6EiVhWrjToJWAWDoyH consumed 23001 of 200000 compute units
    Program 7vdXAgisK4CqAo7xgAQ2K5G8Tg6EiVhWrjToJWAWDoyH success
Transaction executed in slot 17:
  Signature: MyV2r5iGGqM144Xoirh8aiJyU5LCTv4RrZxdtStDxFJFDwLLbT3VZ9pm535uSMJuApivjUQmKkJLCrdomaphXcR
  Status: Ok
  Log Messages:
    Program 7vdXAgisK4CqAo7xgAQ2K5G8Tg6EiVhWrjToJWAWDoyH invoke [1]
    Program log: Instruction: AddGuardian
    Program 11111111111111111111111111111111 invoke [2]
    Program 11111111111111111111111111111111 success
    Program data: lwDkBe86ohLChnWxvrFx3vTGxQo4kOmF4Q64zb9wFjTdTJg+dcCewRZw5Z3+mqwrIw0hhan/EwWe+F4OrdtnZ/n2gA+9nQG9AH55/2kAAAAA
    Program 7vdXAgisK4CqAo7xgAQ2K5G8Tg6EiVhWrjToJWAWDoyH consumed 23001 of 200000 compute units
    Program 7vdXAgisK4CqAo7xgAQ2K5G8Tg6EiVhWrjToJWAWDoyH success
Transaction executed in slot 17:
  Signature: 5pCBHgRwnNSoyHFmXP26uoXSoaEJoDhVxtLNR46N67HenXwk9qk9CugUHANPL5xHf9RZQQFRn98QimexKxryErAp
  Status: Ok
  Log Messages:
    Program 7vdXAgisK4CqAo7xgAQ2K5G8Tg6EiVhWrjToJWAWDoyH invoke [1]
    Program log: Instruction: AcceptGuardianInvitation
    Program data: 62Kh4R+z/gTChnWxvrFx3vTGxQo4kOmF4Q64zb9wFjTdTJg+dcCewRZw5Z3+mqwrIw0hhan/EwWe+F4OrdtnZ/n2gA+9nQG9fnn/aQAAAAA=
    Program 7vdXAgisK4CqAo7xgAQ2K5G8Tg6EiVhWrjToJWAWDoyH consumed 10218 of 200000 compute units
    Program 7vdXAgisK4CqAo7xgAQ2K5G8Tg6EiVhWrjToJWAWDoyH success
Transaction executed in slot 18:
  Signature: 5pCBHgRwnNSoyHFmXP26uoXSoaEJoDhVxtLNR46N67HenXwk9qk9CugUHANPL5xHf9RZQQFRn98QimexKxryErAp
  Status: Ok
  Log Messages:
    Program 7vdXAgisK4CqAo7xgAQ2K5G8Tg6EiVhWrjToJWAWDoyH invoke [1]
    Program log: Instruction: AcceptGuardianInvitation
    Program data: 62Kh4R+z/gTChnWxvrFx3vTGxQo4kOmF4Q64zb9wFjTdTJg+dcCewRZw5Z3+mqwrIw0hhan/EwWe+F4OrdtnZ/n2gA+9nQG9f3n/aQAAAAA=
    Program 7vdXAgisK4CqAo7xgAQ2K5G8Tg6EiVhWrjToJWAWDoyH consumed 10218 of 200000 compute units
    Program 7vdXAgisK4CqAo7xgAQ2K5G8Tg6EiVhWrjToJWAWDoyH success
Transaction executed in slot 18:
  Signature: fkjYsEjF2RYC7rDedWNkSkrNFFR7EQT4G99matzQVj51XAfYnNakELcDnbGvjS8nUybitexEMnrSszGNu8qB3nP
  Status: Ok
  Log Messages:
    Program 7vdXAgisK4CqAo7xgAQ2K5G8Tg6EiVhWrjToJWAWDoyH invoke [1]
    Program log: Instruction: AddGuardian
    Program 11111111111111111111111111111111 invoke [2]
    Program 11111111111111111111111111111111 success
    Program data: lwDkBe86ohLChnWxvrFx3vTGxQo4kOmF4Q64zb9wFjTdTJg+dcCewYLlMLmqfz5Ccy5lQHvzvJD/EeKZuHUztRvRkzYdV+qAAH95/2kAAAAA
    Program 7vdXAgisK4CqAo7xgAQ2K5G8Tg6EiVhWrjToJWAWDoyH consumed 23001 of 200000 compute units
    Program 7vdXAgisK4CqAo7xgAQ2K5G8Tg6EiVhWrjToJWAWDoyH success
Transaction executed in slot 19:
  Signature: fkjYsEjF2RYC7rDedWNkSkrNFFR7EQT4G99matzQVj51XAfYnNakELcDnbGvjS8nUybitexEMnrSszGNu8qB3nP
  Status: Ok
  Log Messages:
    Program 7vdXAgisK4CqAo7xgAQ2K5G8Tg6EiVhWrjToJWAWDoyH invoke [1]
    Program log: Instruction: AddGuardian
    Program 11111111111111111111111111111111 invoke [2]
    Program 11111111111111111111111111111111 success
    Program data: lwDkBe86ohLChnWxvrFx3vTGxQo4kOmF4Q64zb9wFjTdTJg+dcCewYLlMLmqfz5Ccy5lQHvzvJD/EeKZuHUztRvRkzYdV+qAAH95/2kAAAAA
    Program 7vdXAgisK4CqAo7xgAQ2K5G8Tg6EiVhWrjToJWAWDoyH consumed 23001 of 200000 compute units
    Program 7vdXAgisK4CqAo7xgAQ2K5G8Tg6EiVhWrjToJWAWDoyH success
Transaction executed in slot 19:
  Signature: 3C4KX4agDtK61dUWZEZ5y1vtjuoSc1K9EhKZTPPc6SB7xRzSXhqNVqiUNVFH2oc5oN1YY4UTrBZzBkLRy5RSmkGf
  Status: Ok
  Log Messages:
    Program 7vdXAgisK4CqAo7xgAQ2K5G8Tg6EiVhWrjToJWAWDoyH invoke [1]
    Program log: Instruction: AcceptGuardianInvitation
    Program data: 62Kh4R+z/gTChnWxvrFx3vTGxQo4kOmF4Q64zb9wFjTdTJg+dcCewYLlMLmqfz5Ccy5lQHvzvJD/EeKZuHUztRvRkzYdV+qAf3n/aQAAAAA=
    Program 7vdXAgisK4CqAo7xgAQ2K5G8Tg6EiVhWrjToJWAWDoyH consumed 10218 of 200000 compute units
    Program 7vdXAgisK4CqAo7xgAQ2K5G8Tg6EiVhWrjToJWAWDoyH success
Transaction executed in slot 20:
  Signature: 3C4KX4agDtK61dUWZEZ5y1vtjuoSc1K9EhKZTPPc6SB7xRzSXhqNVqiUNVFH2oc5oN1YY4UTrBZzBkLRy5RSmkGf
  Status: Ok
  Log Messages:
    Program 7vdXAgisK4CqAo7xgAQ2K5G8Tg6EiVhWrjToJWAWDoyH invoke [1]
    Program log: Instruction: AcceptGuardianInvitation
    Program data: 62Kh4R+z/gTChnWxvrFx3vTGxQo4kOmF4Q64zb9wFjTdTJg+dcCewYLlMLmqfz5Ccy5lQHvzvJD/EeKZuHUztRvRkzYdV+qAgHn/aQAAAAA=
    Program 7vdXAgisK4CqAo7xgAQ2K5G8Tg6EiVhWrjToJWAWDoyH consumed 10218 of 200000 compute units
    Program 7vdXAgisK4CqAo7xgAQ2K5G8Tg6EiVhWrjToJWAWDoyH success
Transaction executed in slot 20:
  Signature: 4um3dxAo7B6E3833GRDpZJM3GYXZksupboASWAGMhoLE4do99KHAjT4b8buA1debQtWA2M8AGGBMg7MugbX3Z1Ps
  Status: Ok
  Log Messages:
    Program 7vdXAgisK4CqAo7xgAQ2K5G8Tg6EiVhWrjToJWAWDoyH invoke [1]
    Program log: Instruction: AddBeneficiary
    Program 11111111111111111111111111111111 invoke [2]
    Program 11111111111111111111111111111111 success
    Program data: 14x2TW9Jo+nChnWxvrFx3vTGxQo4kOmF4Q64zb9wFjTdTJg+dcCewc/06y56Yuvg20W0+d0xeYtYP7LPqMnXShV81kpX9TFBiBOAef9pAAAAAA==
    Program 7vdXAgisK4CqAo7xgAQ2K5G8Tg6EiVhWrjToJWAWDoyH consumed 28447 of 200000 compute units
    Program 7vdXAgisK4CqAo7xgAQ2K5G8Tg6EiVhWrjToJWAWDoyH success
Transaction executed in slot 21:
  Signature: 4um3dxAo7B6E3833GRDpZJM3GYXZksupboASWAGMhoLE4do99KHAjT4b8buA1debQtWA2M8AGGBMg7MugbX3Z1Ps
  Status: Ok
  Log Messages:
    Program 7vdXAgisK4CqAo7xgAQ2K5G8Tg6EiVhWrjToJWAWDoyH invoke [1]
    Program log: Instruction: AddBeneficiary
    Program 11111111111111111111111111111111 invoke [2]
    Program 11111111111111111111111111111111 success
    Program data: 14x2TW9Jo+nChnWxvrFx3vTGxQo4kOmF4Q64zb9wFjTdTJg+dcCewc/06y56Yuvg20W0+d0xeYtYP7LPqMnXShV81kpX9TFBiBOAef9pAAAAAA==
    Program 7vdXAgisK4CqAo7xgAQ2K5G8Tg6EiVhWrjToJWAWDoyH consumed 28447 of 200000 compute units
    Program 7vdXAgisK4CqAo7xgAQ2K5G8Tg6EiVhWrjToJWAWDoyH success
Transaction executed in slot 22:
  Signature: 31QaTPCaa4AAKaBsKNpvT2Jihj3qtn5RwGWFK1M5P7roGAzuygiL32UQvRTgyhmFFpqXJW2Ze7oBCmKA7wCKHdcH
  Status: Ok
  Log Messages:
    Program 7vdXAgisK4CqAo7xgAQ2K5G8Tg6EiVhWrjToJWAWDoyH invoke [1]
    Program log: Instruction: DepositSol
    Program 11111111111111111111111111111111 invoke [2]
    Program 11111111111111111111111111111111 success
    Program data: b40aLaEjZDnChnWxvrFx3vTGxQo4kOmF4Q64zb9wFjTdTJg+dcCewazuq6ng5E/rGwhaS/tIo0sAGx17vr8jhgiHYivoLTb2AwAAAFNPTAAAypo7AAAAAIF5/2kAAAAA
    Program 7vdXAgisK4CqAo7xgAQ2K5G8Tg6EiVhWrjToJWAWDoyH consumed 12392 of 200000 compute units
    Program 7vdXAgisK4CqAo7xgAQ2K5G8Tg6EiVhWrjToJWAWDoyH success
Transaction executed in slot 22:
  Signature: 5vzksybb43FyDeiUsm3ejUDbeATa6io8QAgsHMyFjzkKJ1RRw6GY8EbpFYxAPBY9uBDZ6d94xf8oXriqiuwxUy6Y
  Status: Ok
  Log Messages:
    Program 7vdXAgisK4CqAo7xgAQ2K5G8Tg6EiVhWrjToJWAWDoyH invoke [1]
    Program log: Instruction: WithdrawSol
    Program 11111111111111111111111111111111 invoke [2]
    Program 11111111111111111111111111111111 success
    Program data: FFnfxsJ82w3ChnWxvrFx3vTGxQo4kOmF4Q64zb9wFjTdTJg+dcCewazuq6ng5E/rGwhaS/tIo0sAGx17vr8jhgiHYivoLTb2AwAAAFNPTAAA4fUFAAAAAIF5/2kAAAAA
    Program 7vdXAgisK4CqAo7xgAQ2K5G8Tg6EiVhWrjToJWAWDoyH consumed 15480 of 200000 compute units
    Program 7vdXAgisK4CqAo7xgAQ2K5G8Tg6EiVhWrjToJWAWDoyH success
Transaction executed in slot 23:
  Signature: 5vzksybb43FyDeiUsm3ejUDbeATa6io8QAgsHMyFjzkKJ1RRw6GY8EbpFYxAPBY9uBDZ6d94xf8oXriqiuwxUy6Y
  Status: Ok
  Log Messages:
    Program 7vdXAgisK4CqAo7xgAQ2K5G8Tg6EiVhWrjToJWAWDoyH invoke [1]
    Program log: Instruction: WithdrawSol
    Program 11111111111111111111111111111111 invoke [2]
    Program 11111111111111111111111111111111 success
    Program data: FFnfxsJ82w3ChnWxvrFx3vTGxQo4kOmF4Q64zb9wFjTdTJg+dcCewazuq6ng5E/rGwhaS/tIo0sAGx17vr8jhgiHYivoLTb2AwAAAFNPTAAA4fUFAAAAAIF5/2kAAAAA
    Program 7vdXAgisK4CqAo7xgAQ2K5G8Tg6EiVhWrjToJWAWDoyH consumed 15480 of 200000 compute units
    Program 7vdXAgisK4CqAo7xgAQ2K5G8Tg6EiVhWrjToJWAWDoyH success
Transaction executed in slot 26:
  Signature: 59oEJv5gk9sNp3VF3c12dzNvCQGKs2crbEZhF1iLpChdXr9d3iKskxj4RLX95yUF9dU5tsob3RBUaY75Eb5i2cDg
  Status: Ok
  Log Messages:
    Program 7vdXAgisK4CqAo7xgAQ2K5G8Tg6EiVhWrjToJWAWDoyH invoke [1]
    Program log: Instruction: CheckIn
    Program data: ygMtoM/6fTzChnWxvrFx3vTGxQo4kOmF4Q64zb9wFjTdTJg+dcCewazuq6ng5E/rGwhaS/tIo0sAGx17vr8jhgiHYivoLTb2g3n/aQAAAAA=
    Program 7vdXAgisK4CqAo7xgAQ2K5G8Tg6EiVhWrjToJWAWDoyH consumed 8573 of 200000 compute units
    Program 7vdXAgisK4CqAo7xgAQ2K5G8Tg6EiVhWrjToJWAWDoyH success
